RHMS Server running on http://localhost:5000
2026-07-09T13:06:59.651Z GET /api/dashboard/stats Content-Type: application/json
2026-07-09T13:06:59.667Z GET /api/activity Content-Type: application/json
2026-07-09T13:06:59.672Z GET /api/requests Content-Type: application/json
2026-07-09T13:06:59.675Z GET /favicon.ico Content-Type: none
2026-07-09T13:07:34.102Z GET /api/requests/REQ-2024-00147 Content-Type: application/json
2026-07-09T13:07:34.138Z GET /api/statuses Content-Type: application/json
2026-07-09T13:07:34.144Z GET /api/users Content-Type: application/json
2026-07-09T13:07:34.150Z GET /api/categories Content-Type: application/json
2026-07-09T13:07:34.157Z GET /api/priorities Content-Type: application/json
2026-07-09T13:07:34.194Z GET /favicon.ico Content-Type: none
2026-07-09T13:07:40.263Z GET /api/dashboard/stats Content-Type: application/json
2026-07-09T13:07:40.268Z GET /api/activity Content-Type: application/json
2026-07-09T13:07:40.271Z GET /api/requests Content-Type: application/json
2026-07-09T13:07:40.289Z GET /favicon.ico Content-Type: none
2026-07-09T13:07:46.993Z GET /api/users Content-Type: application/json
2026-07-09T13:07:46.997Z GET /api/requests/REQ-2024-00145 Content-Type: application/json
2026-07-09T13:07:47.002Z GET /api/statuses Content-Type: application/json
2026-07-09T13:07:47.009Z GET /api/categories Content-Type: application/json
2026-07-09T13:07:47.011Z GET /api/priorities Content-Type: application/json
2026-07-09T13:07:47.021Z GET /favicon.ico Content-Type: none
2026-07-09T13:08:07.326Z GET /api/dashboard/stats Content-Type: application/json
2026-07-09T13:08:07.332Z GET /api/activity Content-Type: application/json
2026-07-09T13:08:07.334Z GET /api/requests Content-Type: application/json
2026-07-09T13:08:07.364Z GET /favicon.ico Content-Type: none
2026-07-09T13:08:20.443Z GET /favicon.ico Content-Type: none
2026-07-09T13:08:26.934Z POST /api/auth/login Content-Type: application/json
2026-07-09T13:08:31.218Z POST /api/auth/login Content-Type: application/json
2026-07-09T13:08:41.496Z POST /api/auth/login Content-Type: application/json
2026-07-09T13:08:41.864Z GET /api/dashboard/stats Content-Type: application/json
2026-07-09T13:08:41.868Z GET /api/activity Content-Type: application/json
2026-07-09T13:08:41.870Z GET /api/requests Content-Type: application/json
2026-07-09T13:08:41.871Z GET /api/auth/me Content-Type: none
2026-07-09T13:08:41.884Z GET /favicon.ico Content-Type: none
2026-07-09T13:08:53.251Z GET /api/requests? Content-Type: application/json
2026-07-09T13:08:53.263Z GET /favicon.ico Content-Type: none
2026-07-09T13:08:56.537Z GET /api/requests/REQ-2024-00147 Content-Type: application/json
2026-07-09T13:08:56.548Z GET /api/statuses Content-Type: application/json
2026-07-09T13:08:56.550Z GET /api/users Content-Type: application/json
2026-07-09T13:08:56.558Z GET /api/categories Content-Type: application/json
2026-07-09T13:08:56.559Z GET /api/priorities Content-Type: application/json
2026-07-09T13:08:56.561Z GET /favicon.ico Content-Type: none
2026-07-09T13:09:07.940Z GET /api/requests? Content-Type: application/json
2026-07-09T13:09:07.996Z GET /favicon.ico Content-Type: none
2026-07-09T13:09:10.796Z GET /api/dashboard/stats Content-Type: application/json
2026-07-09T13:09:10.800Z GET /api/activity Content-Type: application/json
2026-07-09T13:09:10.806Z GET /api/requests Content-Type: application/json
2026-07-09T13:09:10.812Z GET /favicon.ico Content-Type: none
2026-07-09T13:09:21.509Z GET /api/users Content-Type: application/json
2026-07-09T13:09:21.523Z GET /favicon.ico Content-Type: none
2026-07-09T13:09:25.870Z DELETE /api/users/7 Content-Type: application/json
2026-07-09T13:09:37.864Z GET /favicon.ico Content-Type: none
2026-07-09T13:11:55.142Z GET /api/auth/me Content-Type: none
2026-07-09T13:11:55.174Z GET /favicon.ico Content-Type: none
2026-07-09T13:11:55.339Z GET /api/dashboard/stats Content-Type: application/json
2026-07-09T13:11:55.342Z GET /api/activity Content-Type: application/json
2026-07-09T13:11:55.343Z GET /api/requests Content-Type: application/json
2026-07-09T13:12:00.054Z GET /api/requests? Content-Type: application/json
2026-07-09T13:12:00.386Z GET /favicon.ico Content-Type: none
2026-07-09T13:12:02.964Z GET /api/users Content-Type: application/json
2026-07-09T13:12:02.978Z GET /favicon.ico Content-Type: none
2026-07-09T13:12:05.928Z DELETE /api/users/7 Content-Type: application/json
2026-07-09T13:12:05.962Z GET /api/users Content-Type: application/json
2026-07-09T13:12:09.847Z GET /api/categories Content-Type: application/json
2026-07-09T13:12:10.187Z GET /favicon.ico Content-Type: none
2026-07-09T13:12:13.201Z DELETE /api/categories/2 Content-Type: application/json
2026-07-09T13:12:18.656Z DELETE /api/categories/4 Content-Type: application/json
2026-07-09T13:12:20.782Z GET /api/priorities Content-Type: application/json
2026-07-09T13:12:20.818Z GET /favicon.ico Content-Type: none
2026-07-09T13:12:23.408Z GET /api/roles Content-Type: application/json
2026-07-09T13:12:23.725Z GET /favicon.ico Content-Type: none
2026-07-09T13:12:27.315Z GET /api/categories Content-Type: application/json
2026-07-09T13:12:27.350Z GET /favicon.ico Content-Type: none
2026-07-09T13:12:35.227Z GET /api/activity Content-Type: application/json
2026-07-09T13:12:35.556Z GET /favicon.ico Content-Type: none
2026-07-09T13:12:37.137Z GET /api/reports/summary Content-Type: application/json
2026-07-09T13:12:37.176Z GET /favicon.ico Content-Type: none
2026-07-09T13:12:40.052Z GET /api/categories Content-Type: application/json
2026-07-09T13:12:40.392Z GET /favicon.ico Content-Type: none
2026-07-09T13:14:44.874Z GET /api/auth/me Content-Type: none
2026-07-09T13:14:45.096Z GET /api/dashboard/stats Content-Type: application/json
2026-07-09T13:14:45.099Z GET /api/activity Content-Type: application/json
2026-07-09T13:14:45.101Z GET /api/requests Content-Type: application/json
2026-07-09T13:27:04.893Z GET /favicon.ico Content-Type: none
2026-07-09T13:27:15.075Z GET /favicon.ico Content-Type: none
2026-07-09T13:27:52.780Z GET /favicon.ico Content-Type: none
2026-07-09T13:27:59.255Z POST /api/auth/login Content-Type: application/json
2026-07-09T13:28:03.400Z POST /api/auth/login Content-Type: application/json
2026-07-09T13:28:47.162Z POST /api/auth/login Content-Type: application/json
2026-07-09T13:28:48.305Z POST /api/auth/login Content-Type: application/json
2026-07-09T13:28:50.391Z POST /api/auth/login Content-Type: application/json
2026-07-09T13:43:26.499Z GET /favicon.ico Content-Type: none
2026-07-09T13:43:34.795Z POST /api/auth/login Content-Type: application/json
2026-07-09T13:44:19.982Z POST /api/auth/login Content-Type: application/json
2026-07-09T13:44:21.288Z POST /api/auth/login Content-Type: application/json
2026-07-09T13:44:34.291Z POST /api/auth/login Content-Type: application/json
2026-07-09T13:44:35.348Z POST /api/auth/login Content-Type: application/json
2026-07-09T13:44:43.343Z POST /api/auth/login Content-Type: application/json
2026-07-09T13:45:43.710Z POST /api/auth/login Content-Type: application/json
2026-07-09T14:14:46.876Z POST /api/auth/login Content-Type: application/json
2026-07-09T14:15:00.661Z POST /api/auth/login Content-Type: application/json
2026-07-09T14:15:02.045Z POST /api/auth/login Content-Type: application/json
2026-07-09T14:15:20.286Z GET /favicon.ico Content-Type: none
2026-07-09T14:15:20.337Z GET /favicon.ico Content-Type: none
2026-07-09T14:15:32.939Z GET /favicon.ico Content-Type: none
2026-07-09T14:15:32.974Z GET /favicon.ico Content-Type: none
