RHMS Server running on http://localhost:5000
user_groups table and groups ready
request_groups table ready
feedback table ready
categories ready
system_settings table ready
requests columns ready
company_name column ready
approved column ready
companies table ready
activity_log table ready
statuses ready
knowledge_base table ready
announcements table ready
sla_policies table ready
tags and request_tags tables ready
templates table ready
attachments table ready
2026-07-31T13:45:30.232Z GET /api/notifications/stream?token=eyJhbGciOiJIUzI1NiIsInR5cCI6IkpXVCJ9.eyJpZCI6IjEiLCJyb2xlIjoiYWRtaW4iLCJzZXNzaW9uVGltZW91dCI6MzAsImlhdCI6MTc4NTUwNDE0NSwiZXhwIjoxNzg1NTA1OTQ1fQ.d-OW6xQL2c69lEiFAgcBfwYvFJUWbQAdojNZ7nVdSWw Content-Type: none
2026-07-31T13:47:50.223Z GET /api/settings/public Content-Type: application/json
2026-07-31T13:47:50.240Z GET /api/auth/me Content-Type: none
2026-07-31T13:47:50.245Z GET /favicon.ico Content-Type: none
2026-07-31T13:47:50.612Z GET /api/notifications/stream?token=eyJhbGciOiJIUzI1NiIsInR5cCI6IkpXVCJ9.eyJpZCI6IjEiLCJyb2xlIjoiYWRtaW4iLCJzZXNzaW9uVGltZW91dCI6MzAsImlhdCI6MTc4NTUwNDE0NSwiZXhwIjoxNzg1NTA1OTQ1fQ.d-OW6xQL2c69lEiFAgcBfwYvFJUWbQAdojNZ7nVdSWw Content-Type: none
2026-07-31T13:47:50.623Z GET /api/requests Content-Type: application/json
2026-07-31T13:47:50.624Z GET /api/statuses Content-Type: application/json
2026-07-31T13:47:50.626Z GET /api/priorities Content-Type: application/json
2026-07-31T13:47:50.631Z GET /api/categories Content-Type: application/json
2026-07-31T13:47:50.748Z GET /api/requests Content-Type: application/json
2026-07-31T13:47:56.985Z GET /api/search?q=t&limit=5 Content-Type: application/json
2026-07-31T13:48:01.241Z GET /api/search?q=tehrh&limit=5 Content-Type: application/json
2026-07-31T13:48:03.071Z GET /api/search?q=te&limit=5 Content-Type: application/json
2026-07-31T13:48:03.662Z GET /api/search?q=t&limit=5 Content-Type: application/json
2026-07-31T13:48:06.295Z GET /api/search?q=the&limit=5 Content-Type: application/json
2026-07-31T13:48:14.444Z GET /api/search?q=the&type=requests&page=1&limit=10 Content-Type: application/json
2026-07-31T13:48:14.468Z GET /favicon.ico Content-Type: none
2026-07-31T13:48:24.681Z GET /api/requests/REQ-2024-00251 Content-Type: application/json
2026-07-31T13:48:24.685Z GET /api/requests/REQ-2024-00251/activity Content-Type: application/json
2026-07-31T13:48:24.702Z GET /api/statuses Content-Type: application/json
2026-07-31T13:48:24.705Z GET /api/users Content-Type: application/json
2026-07-31T13:48:24.728Z GET /favicon.ico Content-Type: none
2026-07-31T13:48:24.742Z GET /api/categories Content-Type: application/json
2026-07-31T13:48:24.895Z GET /api/priorities Content-Type: application/json
2026-07-31T13:48:24.904Z GET /api/requests/REQ-2024-00251/feedback Content-Type: application/json
2026-07-31T13:48:59.268Z GET /api/requests Content-Type: application/json
2026-07-31T13:48:59.279Z GET /api/statuses Content-Type: application/json
2026-07-31T13:48:59.281Z GET /api/priorities Content-Type: application/json
2026-07-31T13:48:59.283Z GET /api/categories Content-Type: application/json
2026-07-31T13:48:59.290Z GET /favicon.ico Content-Type: none
2026-07-31T13:49:01.873Z GET /api/requests Content-Type: application/json
2026-07-31T13:49:01.878Z GET /api/dashboard/stats Content-Type: application/json
2026-07-31T13:49:01.881Z GET /api/dashboard/performance?days=30 Content-Type: application/json
2026-07-31T13:49:01.901Z GET /favicon.ico Content-Type: none
